<html>
<body>
<pre>
<h1>µVision Build Log</h1>
<h2>Tool Versions:</h2>
IDE-Version: ¦ÌVision V5.26.2.0
Copyright (C) 2018 ARM Ltd and ARM Germany GmbH. All rights reserved.
License Information: 123 R-YDL, 123, LIC=RC93N-Y8FLT-VEYHA-1M3SI-8JHCL-Q46CB
 
Tool Versions:
Toolchain:       MDK-ARM Plus  Version: 5.26.2.0
Toolchain Path:  D:\KeilUvision5MDK\keil526\ARM\ARMCC\Bin
C Compiler:      Armcc.exe V5.06 update 6 (build 750)
Assembler:       Armasm.exe V5.06 update 6 (build 750)
Linker/Locator:  ArmLink.exe V5.06 update 6 (build 750)
Library Manager: ArmAr.exe V5.06 update 6 (build 750)
Hex Converter:   FromElf.exe V5.06 update 6 (build 750)
CPU DLL:         SARMCM3.DLL V5.26.2.0
Dialog DLL:      DCM.DLL V1.17.2.0
Target DLL:      Segger\JL2CM3.dll V2.99.31.0
Dialog DLL:      TCM.DLL V1.36.1.0
 
<h2>Project:</h2>
H:\MyFOC\stm32f407zgt6 knob\stm32f407zgt6ADC\MDK-ARM\stm32f407zgt6ADC.uvprojx
Project File Date:  09/26/2022

<h2>Output:</h2>
*** Using Compiler 'V5.06 update 6 (build 750)', folder: 'D:\KeilUvision5MDK\keil526\ARM\ARMCC\Bin'
Build target 'stm32f407zgt6ADC'
compiling pid.c...
../FOC/test.h(6): warning:  #1-D: last line of file ends without a newline
  #endif
..\FOC\pid.c: 1 warning, 0 errors
linking...
stm32f407zgt6ADC\stm32f407zgt6ADC.axf: Warning: L6304W: Duplicate input file stm32f407zgt6adc\dma_1.o ignored.
Program Size: Code=27808 RO-data=2672 RW-data=340 ZI-data=2428  
Finished: 0 information, 1 warning and 0 error messages.
"stm32f407zgt6ADC\stm32f407zgt6ADC.axf" - 0 Error(s), 2 Warning(s).

<h2>Software Packages used:</h2>

Package Vendor: ARM
                http://www.keil.com/pack/ARM.CMSIS.5.4.0.pack
                ARM.CMSIS.5.4.0
                CMSIS (Cortex Microcontroller Software Interface Standard)
   * Component: CORE Version: 5.1.2

Package Vendor: Keil
                http://www.keil.com/pack/Keil.STM32F4xx_DFP.2.12.0.pack
                Keil.STM32F4xx_DFP.2.12.0
                STMicroelectronics STM32F4 Series Device Support, Drivers and Examples

<h2>Collection of Component include folders:</h2>
  .\RTE\_stm32f407zgt6ADC
  D:\KeilUvision5MDK\keil526\ARM\PACK\ARM\CMSIS\5.4.0\CMSIS\Core\Include
  D:\KeilUvision5MDK\keil526\ARM\PACK\Keil\STM32F4xx_DFP\2.12.0\Drivers\CMSIS\Device\ST\STM32F4xx\Include

<h2>Collection of Component Files used:</h2>

   * Component: ARM::CMSIS:CORE:5.1.2
Build Time Elapsed:  00:00:04
</pre>
</body>
</html>
